../Core/Src/main.c:105:6:HW_init	16	static
../Core/Src/main.c:121:6:HAL_UART_RxHalfCpltCallback	16	static
../Core/Src/main.c:126:6:HAL_UART_RxCpltCallback	16	static
../Core/Src/main.c:139:5:main	24	static
../Core/Src/main.c:285:6:SystemClock_Config	72	static
../Core/Src/main.c:325:13:MX_I2C1_Init	8	static
../Core/Src/main.c:359:13:MX_TIM2_Init	32	static
../Core/Src/main.c:404:13:MX_TIM3_Init	64	static
../Core/Src/main.c:463:13:MX_USART2_UART_Init	8	static
../Core/Src/main.c:494:13:MX_DMA_Init	16	static
../Core/Src/main.c:512:13:MX_GPIO_Init	40	static
../Core/Src/main.c:552:6:Error_Handler	4	static,ignoring_inline_asm
