../Core/Src/main.c:78:6:HW_init	16	static
../Core/Src/main.c:82:6:HAL_UART_RxCpltCallback	16	static
../Core/Src/main.c:100:5:main	56	static
../Core/Src/main.c:187:6:SystemClock_Config	72	static
../Core/Src/main.c:227:13:MX_I2C1_Init	8	static
../Core/Src/main.c:261:13:MX_TIM2_Init	32	static
../Core/Src/main.c:306:13:MX_TIM3_Init	64	static
../Core/Src/main.c:365:13:MX_USART1_UART_Init	8	static
../Core/Src/main.c:398:13:MX_GPIO_Init	40	static
../Core/Src/main.c:427:6:Error_Handler	4	static,ignoring_inline_asm
