Archive member included to satisfy reference by file (symbol)

d:/program_file/st/stm32cubeide_1.6.1/stm32cubeide/plugins/com.st.stm32cube.ide.mcu.externaltools.gnu-tools-for-stm32.10.3-2021.10.win32_1.0.200.202301161003/tools/bin/../lib/gcc/arm-none-eabi/10.3.1/../../../../arm-none-eabi/lib/thumb/v7-m/nofp\libc_nano.a(lib_a-errno.o)
                              ./Core/Src/syscalls.o (__errno)
d:/program_file/st/stm32cubeide_1.6.1/stm32cubeide/plugins/com.st.stm32cube.ide.mcu.externaltools.gnu-tools-for-stm32.10.3-2021.10.win32_1.0.200.202301161003/tools/bin/../lib/gcc/arm-none-eabi/10.3.1/../../../../arm-none-eabi/lib/thumb/v7-m/nofp\libc_nano.a(lib_a-exit.o)
                              d:/program_file/st/stm32cubeide_1.6.1/stm32cubeide/plugins/com.st.stm32cube.ide.mcu.externaltools.gnu-tools-for-stm32.10.3-2021.10.win32_1.0.200.202301161003/tools/bin/../lib/gcc/arm-none-eabi/10.3.1/../../../../arm-none-eabi/lib/thumb/v7-m/nofp/crt0.o (exit)
d:/program_file/st/stm32cubeide_1.6.1/stm32cubeide/plugins/com.st.stm32cube.ide.mcu.externaltools.gnu-tools-for-stm32.10.3-2021.10.win32_1.0.200.202301161003/tools/bin/../lib/gcc/arm-none-eabi/10.3.1/../../../../arm-none-eabi/lib/thumb/v7-m/nofp\libc_nano.a(lib_a-impure.o)
                              d:/program_file/st/stm32cubeide_1.6.1/stm32cubeide/plugins/com.st.stm32cube.ide.mcu.externaltools.gnu-tools-for-stm32.10.3-2021.10.win32_1.0.200.202301161003/tools/bin/../lib/gcc/arm-none-eabi/10.3.1/../../../../arm-none-eabi/lib/thumb/v7-m/nofp\libc_nano.a(lib_a-exit.o) (_global_impure_ptr)
d:/program_file/st/stm32cubeide_1.6.1/stm32cubeide/plugins/com.st.stm32cube.ide.mcu.externaltools.gnu-tools-for-stm32.10.3-2021.10.win32_1.0.200.202301161003/tools/bin/../lib/gcc/arm-none-eabi/10.3.1/../../../../arm-none-eabi/lib/thumb/v7-m/nofp\libc_nano.a(lib_a-init.o)
                              d:/program_file/st/stm32cubeide_1.6.1/stm32cubeide/plugins/com.st.stm32cube.ide.mcu.externaltools.gnu-tools-for-stm32.10.3-2021.10.win32_1.0.200.202301161003/tools/bin/../lib/gcc/arm-none-eabi/10.3.1/../../../../arm-none-eabi/lib/thumb/v7-m/nofp/crt0.o (__libc_init_array)
d:/program_file/st/stm32cubeide_1.6.1/stm32cubeide/plugins/com.st.stm32cube.ide.mcu.externaltools.gnu-tools-for-stm32.10.3-2021.10.win32_1.0.200.202301161003/tools/bin/../lib/gcc/arm-none-eabi/10.3.1/../../../../arm-none-eabi/lib/thumb/v7-m/nofp\libc_nano.a(lib_a-memcpy-stub.o)
                              ./FreeRTOS/Source/queue.o (memcpy)
d:/program_file/st/stm32cubeide_1.6.1/stm32cubeide/plugins/com.st.stm32cube.ide.mcu.externaltools.gnu-tools-for-stm32.10.3-2021.10.win32_1.0.200.202301161003/tools/bin/../lib/gcc/arm-none-eabi/10.3.1/../../../../arm-none-eabi/lib/thumb/v7-m/nofp\libc_nano.a(lib_a-memset.o)
                              d:/program_file/st/stm32cubeide_1.6.1/stm32cubeide/plugins/com.st.stm32cube.ide.mcu.externaltools.gnu-tools-for-stm32.10.3-2021.10.win32_1.0.200.202301161003/tools/bin/../lib/gcc/arm-none-eabi/10.3.1/../../../../arm-none-eabi/lib/thumb/v7-m/nofp/crt0.o (memset)
d:/program_file/st/stm32cubeide_1.6.1/stm32cubeide/plugins/com.st.stm32cube.ide.mcu.externaltools.gnu-tools-for-stm32.10.3-2021.10.win32_1.0.200.202301161003/tools/bin/../lib/gcc/arm-none-eabi/10.3.1/../../../../arm-none-eabi/lib/thumb/v7-m/nofp\libc_nano.a(lib_a-strlen.o)
                              ./FreeRTOS/Source/tasks.o (strlen)

Discarded input sections

 .text          0x0000000000000000        0x0 d:/program_file/st/stm32cubeide_1.6.1/stm32cubeide/plugins/com.st.stm32cube.ide.mcu.externaltools.gnu-tools-for-stm32.10.3-2021.10.win32_1.0.200.202301161003/tools/bin/../lib/gcc/arm-none-eabi/10.3.1/thumb/v7-m/nofp/crti.o
 .data          0x0000000000000000        0x0 d:/program_file/st/stm32cubeide_1.6.1/stm32cubeide/plugins/com.st.stm32cube.ide.mcu.externaltools.gnu-tools-for-stm32.10.3-2021.10.win32_1.0.200.202301161003/tools/bin/../lib/gcc/arm-none-eabi/10.3.1/thumb/v7-m/nofp/crti.o
 .bss           0x0000000000000000        0x0 d:/program_file/st/stm32cubeide_1.6.1/stm32cubeide/plugins/com.st.stm32cube.ide.mcu.externaltools.gnu-tools-for-stm32.10.3-2021.10.win32_1.0.200.202301161003/tools/bin/../lib/gcc/arm-none-eabi/10.3.1/thumb/v7-m/nofp/crti.o
 .data          0x0000000000000000        0x4 d:/program_file/st/stm32cubeide_1.6.1/stm32cubeide/plugins/com.st.stm32cube.ide.mcu.externaltools.gnu-tools-for-stm32.10.3-2021.10.win32_1.0.200.202301161003/tools/bin/../lib/gcc/arm-none-eabi/10.3.1/thumb/v7-m/nofp/crtbegin.o
 .rodata        0x0000000000000000       0x24 d:/program_file/st/stm32cubeide_1.6.1/stm32cubeide/plugins/com.st.stm32cube.ide.mcu.externaltools.gnu-tools-for-stm32.10.3-2021.10.win32_1.0.200.202301161003/tools/bin/../lib/gcc/arm-none-eabi/10.3.1/thumb/v7-m/nofp/crtbegin.o
[...]
Memory Configuration

Name             Origin             Length             Attributes
RAM              0x0000000020000000 0x0000000000005000 xrw
FLASH            0x0000000008000000 0x0000000000010000 xr
*default*        0x0000000000000000 0xffffffffffffffff

Linker script and memory map

LOAD d:/program_file/st/stm32cubeide_1.6.1/stm32cubeide/plugins/com.st.stm32cube.ide.mcu.externaltools.gnu-tools-for-stm32.10.3-2021.10.win32_1.0.200.202301161003/tools/bin/../lib/gcc/arm-none-eabi/10.3.1/thumb/v7-m/nofp/crti.o
LOAD d:/program_file/st/stm32cubeide_1.6.1/stm32cubeide/plugins/com.st.stm32cube.ide.mcu.externaltools.gnu-tools-for-stm32.10.3-2021.10.win32_1.0.200.202301161003/tools/bin/../lib/gcc/arm-none-eabi/10.3.1/thumb/v7-m/nofp/crtbegin.o
LOAD d:/program_file/st/stm32cubeide_1.6.1/stm32cubeide/plugins/com.st.stm32cube.ide.mcu.externaltools.gnu-tools-for-stm32.10.3-2021.10.win32_1.0.200.202301161003/tools/bin/../lib/gcc/arm-none-eabi/10.3.1/../../../../arm-none-eabi/lib/thumb/v7-m/nofp/crt0.o
LOAD ./Core/Src/main.o
LOAD ./Core/Src/stm32f1xx_hal_msp.o
LOAD ./Core/Src/stm32f1xx_hal_timebase_tim.o
LOAD ./Core/Src/stm32f1xx_it.o
LOAD ./Core/Src/syscalls.o
LOAD ./Core/Src/sysmem.o
LOAD ./Core/Src/system_stm32f1xx.o
LOAD ./Core/Startup/startup_stm32f103c8tx.o
LOAD ./Drivers/STM32F1xx_HAL_Driver/Src/stm32f1xx_hal.o
LOAD ./Drivers/STM32F1xx_HAL_Driver/Src/stm32f1xx_hal_cortex.o
LOAD ./Drivers/STM32F1xx_HAL_Driver/Src/stm32f1xx_hal_dma.o
LOAD ./Drivers/STM32F1xx_HAL_Driver/Src/stm32f1xx_hal_exti.o
LOAD ./Drivers/STM32F1xx_HAL_Driver/Src/stm32f1xx_hal_flash.o
LOAD ./Drivers/STM32F1xx_HAL_Driver/Src/stm32f1xx_hal_flash_ex.o
LOAD ./Drivers/STM32F1xx_HAL_Driver/Src/stm32f1xx_hal_gpio.o
LOAD ./Drivers/STM32F1xx_HAL_Driver/Src/stm32f1xx_hal_gpio_ex.o
LOAD ./Drivers/STM32F1xx_HAL_Driver/Src/stm32f1xx_hal_pwr.o
LOAD ./Drivers/STM32F1xx_HAL_Driver/Src/stm32f1xx_hal_rcc.o
LOAD ./Drivers/STM32F1xx_HAL_Driver/Src/stm32f1xx_hal_rcc_ex.o
LOAD ./Drivers/STM32F1xx_HAL_Driver/Src/stm32f1xx_hal_tim.o
LOAD ./Drivers/STM32F1xx_HAL_Driver/Src/stm32f1xx_hal_tim_ex.o
LOAD ./FreeRTOS/Source/croutine.o
LOAD ./FreeRTOS/Source/event_groups.o
LOAD ./FreeRTOS/Source/list.o
LOAD ./FreeRTOS/Source/queue.o
LOAD ./FreeRTOS/Source/stream_buffer.o
LOAD ./FreeRTOS/Source/tasks.o
LOAD ./FreeRTOS/Source/timers.o
LOAD ./FreeRTOS/Source/portable/GCC/ARM_CM3/port.o
LOAD ./FreeRTOS/Source/portable/MemMang/heap_4.o
START GROUP
LOAD d:/program_file/st/stm32cubeide_1.6.1/stm32cubeide/plugins/com.st.stm32cube.ide.mcu.externaltools.gnu-tools-for-stm32.10.3-2021.10.win32_1.0.200.202301161003/tools/bin/../lib/gcc/arm-none-eabi/10.3.1/../../../../arm-none-eabi/lib/thumb/v7-m/nofp\libc_nano.a
LOAD d:/program_file/st/stm32cubeide_1.6.1/stm32cubeide/plugins/com.st.stm32cube.ide.mcu.externaltools.gnu-tools-for-stm32.10.3-2021.10.win32_1.0.200.202301161003/tools/bin/../lib/gcc/arm-none-eabi/10.3.1/../../../../arm-none-eabi/lib/thumb/v7-m/nofp\libm.a
END GROUP
START GROUP
LOAD d:/program_file/st/stm32cubeide_1.6.1/stm32cubeide/plugins/com.st.stm32cube.ide.mcu.externaltools.gnu-tools-for-stm32.10.3-2021.10.win32_1.0.200.202301161003/tools/bin/../lib/gcc/arm-none-eabi/10.3.1/thumb/v7-m/nofp\libgcc.a
LOAD d:/program_file/st/stm32cubeide_1.6.1/stm32cubeide/plugins/com.st.stm32cube.ide.mcu.externaltools.gnu-tools-for-stm32.10.3-2021.10.win32_1.0.200.202301161003/tools/bin/../lib/gcc/arm-none-eabi/10.3.1/../../../../arm-none-eabi/lib/thumb/v7-m/nofp\libc_nano.a
END GROUP
START GROUP
LOAD d:/program_file/st/stm32cubeide_1.6.1/stm32cubeide/plugins/com.st.stm32cube.ide.mcu.externaltools.gnu-tools-for-stm32.10.3-2021.10.win32_1.0.200.202301161003/tools/bin/../lib/gcc/arm-none-eabi/10.3.1/thumb/v7-m/nofp\libgcc.a
LOAD d:/program_file/st/stm32cubeide_1.6.1/stm32cubeide/plugins/com.st.stm32cube.ide.mcu.externaltools.gnu-tools-for-stm32.10.3-2021.10.win32_1.0.200.202301161003/tools/bin/../lib/gcc/arm-none-eabi/10.3.1/../../../../arm-none-eabi/lib/thumb/v7-m/nofp\libc_nano.a
LOAD d:/program_file/st/stm32cubeide_1.6.1/stm32cubeide/plugins/com.st.stm32cube.ide.mcu.externaltools.gnu-tools-for-stm32.10.3-2021.10.win32_1.0.200.202301161003/tools/bin/../lib/gcc/arm-none-eabi/10.3.1/../../../../arm-none-eabi/lib/thumb/v7-m/nofp\libnosys.a
END GROUP
START GROUP
LOAD d:/program_file/st/stm32cubeide_1.6.1/stm32cubeide/plugins/com.st.stm32cube.ide.mcu.externaltools.gnu-tools-for-stm32.10.3-2021.10.win32_1.0.200.202301161003/tools/bin/../lib/gcc/arm-none-eabi/10.3.1/thumb/v7-m/nofp\libgcc.a
LOAD d:/program_file/st/stm32cubeide_1.6.1/stm32cubeide/plugins/com.st.stm32cube.ide.mcu.externaltools.gnu-tools-for-stm32.10.3-2021.10.win32_1.0.200.202301161003/tools/bin/../lib/gcc/arm-none-eabi/10.3.1/../../../../arm-none-eabi/lib/thumb/v7-m/nofp\libc_nano.a
LOAD d:/program_file/st/stm32cubeide_1.6.1/stm32cubeide/plugins/com.st.stm32cube.ide.mcu.externaltools.gnu-tools-for-stm32.10.3-2021.10.win32_1.0.200.202301161003/tools/bin/../lib/gcc/arm-none-eabi/10.3.1/../../../../arm-none-eabi/lib/thumb/v7-m/nofp\libnosys.a
END GROUP
LOAD d:/program_file/st/stm32cubeide_1.6.1/stm32cubeide/plugins/com.st.stm32cube.ide.mcu.externaltools.gnu-tools-for-stm32.10.3-2021.10.win32_1.0.200.202301161003/tools/bin/../lib/gcc/arm-none-eabi/10.3.1/thumb/v7-m/nofp/crtend.o
LOAD d:/program_file/st/stm32cubeide_1.6.1/stm32cubeide/plugins/com.st.stm32cube.ide.mcu.externaltools.gnu-tools-for-stm32.10.3-2021.10.win32_1.0.200.202301161003/tools/bin/../lib/gcc/arm-none-eabi/10.3.1/thumb/v7-m/nofp/crtn.o
                0x0000000020005000                _estack = (ORIGIN (RAM) + LENGTH (RAM))
                0x0000000000000200                _Min_Heap_Size = 0x200
                0x0000000000000400                _Min_Stack_Size = 0x400

.isr_vector     0x0000000008000000      0x10c
                0x0000000008000000                . = ALIGN (0x4)
 *(.isr_vector)
 .isr_vector    0x0000000008000000      0x10c ./Core/Startup/startup_stm32f103c8tx.o
                0x0000000008000000                g_pfnVectors
                0x000000000800010c                . = ALIGN (0x4)

.text           0x000000000800010c     0x3718
                0x000000000800010c                . = ALIGN (0x4)
 *(.text)
 .text          0x000000000800010c       0x40 d:/program_file/st/stm32cubeide_1.6.1/stm32cubeide/plugins/com.st.stm32cube.ide.mcu.externaltools.gnu-tools-for-stm32.10.3-2021.10.win32_1.0.200.202301161003/tools/bin/../lib/gcc/arm-none-eabi/10.3.1/thumb/v7-m/nofp/crtbegin.o
 *(.text*)
 .text.vTaskCode
                0x000000000800014c       0x12 ./Core/Src/main.o
                0x000000000800014c                vTaskCode
 *fill*         0x000000000800015e        0x2 
 .text.main     0x0000000008000160       0x3c ./Core/Src/main.o
                0x0000000008000160                main
 .text.SystemClock_Config
                0x000000000800019c       0x8a ./Core/Src/main.o
                0x000000000800019c                SystemClock_Config
 *fill*         0x0000000008000226        0x2 
 .text.MX_GPIO_Init
                0x0000000008000228       0x98 ./Core/Src/main.o
 .text.HAL_TIM_PeriodElapsedCallback
                0x00000000080002c0       0x24 ./Core/Src/main.o
                0x00000000080002c0                HAL_TIM_PeriodElapsedCallback
 .text.Error_Handler
                0x00000000080002e4        0xa ./Core/Src/main.o
                0x00000000080002e4                Error_Handler
 *fill*         0x00000000080002ee        0x2 
 .text.HAL_MspInit
                0x00000000080002f0       0x64 ./Core/Src/stm32f1xx_hal_msp.o
                0x00000000080002f0                HAL_MspInit
 .text.HAL_InitTick
                0x0000000008000354       0xfc ./Core/Src/stm32f1xx_hal_timebase_tim.o
                0x0000000008000354                HAL_InitTick
 .text.NMI_Handler
                0x0000000008000450        0x6 ./Core/Src/stm32f1xx_it.o
                0x0000000008000450                NMI_Handler
 .text.HardFault_Handler
                0x0000000008000456        0x6 ./Core/Src/stm32f1xx_it.o
                0x0000000008000456                HardFault_Handler
 .text.MemManage_Handler
                0x000000000800045c        0x6 ./Core/Src/stm32f1xx_it.o
                0x000000000800045c                MemManage_Handler
 .text.BusFault_Handler
                0x0000000008000462        0x6 ./Core/Src/stm32f1xx_it.o
                0x0000000008000462                BusFault_Handler
 .text.UsageFault_Handler
                0x0000000008000468        0x6 ./Core/Src/stm32f1xx_it.o
                0x0000000008000468                UsageFault_Handler
 .text.SVC_Handler
                0x000000000800046e        0xc ./Core/Src/stm32f1xx_it.o
                0x000000000800046e                SVC_Handler
 .text.DebugMon_Handler
                0x000000000800047a        0xc ./Core/Src/stm32f1xx_it.o
                0x000000000800047a                DebugMon_Handler
 .text.PendSV_Handler
                0x0000000008000486        0xc ./Core/Src/stm32f1xx_it.o
                0x0000000008000486                PendSV_Handler
 .text.SysTick_Handler
                0x0000000008000492        0xc ./Core/Src/stm32f1xx_it.o
                0x0000000008000492                SysTick_Handler
 *fill*         0x000000000800049e        0x2 
 .text.TIM4_IRQHandler
                0x00000000080004a0       0x14 ./Core/Src/stm32f1xx_it.o
                0x00000000080004a0                TIM4_IRQHandler
 .text.SystemInit
                0x00000000080004b4        0xc ./Core/Src/system_stm32f1xx.o
                0x00000000080004b4                SystemInit
 .text.Reset_Handler
                0x00000000080004c0       0x48 ./Core/Startup/startup_stm32f103c8tx.o
                0x00000000080004c0                Reset_Handler
 .text.Default_Handler
                0x0000000008000508        0x2 ./Core/Startup/startup_stm32f103c8tx.o
                0x0000000008000508                RTC_Alarm_IRQHandler
                0x0000000008000508                EXTI2_IRQHandler
                0x0000000008000508                TIM1_CC_IRQHandler
                0x0000000008000508                PVD_IRQHandler
                0x0000000008000508                EXTI3_IRQHandler
                0x0000000008000508                EXTI0_IRQHandler
                0x0000000008000508                I2C2_EV_IRQHandler
                0x0000000008000508                ADC1_2_IRQHandler
                0x0000000008000508                SPI1_IRQHandler
                0x0000000008000508                TAMPER_IRQHandler
                0x0000000008000508                DMA1_Channel4_IRQHandler
                0x0000000008000508                USART3_IRQHandler
                0x0000000008000508                RTC_IRQHandler
                0x0000000008000508                DMA1_Channel7_IRQHandler
                0x0000000008000508                CAN1_RX1_IRQHandler
                0x0000000008000508                I2C1_EV_IRQHandler
                0x0000000008000508                DMA1_Channel6_IRQHandler
                0x0000000008000508                TIM3_IRQHandler
                0x0000000008000508                RCC_IRQHandler
                0x0000000008000508                TIM1_TRG_COM_IRQHandler
                0x0000000008000508                DMA1_Channel1_IRQHandler
                0x0000000008000508                Default_Handler
                0x0000000008000508                EXTI15_10_IRQHandler
                0x0000000008000508                EXTI9_5_IRQHandler
                0x0000000008000508                SPI2_IRQHandler
                0x0000000008000508                DMA1_Channel5_IRQHandler
                0x0000000008000508                EXTI4_IRQHandler
                0x0000000008000508                USB_LP_CAN1_RX0_IRQHandler
                0x0000000008000508                USB_HP_CAN1_TX_IRQHandler
                0x0000000008000508                DMA1_Channel3_IRQHandler
                0x0000000008000508                TIM1_UP_IRQHandler
                0x0000000008000508                WWDG_IRQHandler
                0x0000000008000508                TIM2_IRQHandler
                0x0000000008000508                TIM1_BRK_IRQHandler
                0x0000000008000508                EXTI1_IRQHandler
                0x0000000008000508                USART2_IRQHandler
                0x0000000008000508                I2C2_ER_IRQHandler
                0x0000000008000508                DMA1_Channel2_IRQHandler
                0x0000000008000508                CAN1_SCE_IRQHandler
                0x0000000008000508                FLASH_IRQHandler
                0x0000000008000508                USART1_IRQHandler
                0x0000000008000508                I2C1_ER_IRQHandler
                0x0000000008000508                USBWakeUp_IRQHandler
 *fill*         0x000000000800050a        0x2 
 .text.HAL_Init
                0x000000000800050c       0x2c ./Drivers/STM32F1xx_HAL_Driver/Src/stm32f1xx_hal.o
                0x000000000800050c                HAL_Init
 .text.HAL_IncTick
                0x0000000008000538       0x24 ./Drivers/STM32F1xx_HAL_Driver/Src/stm32f1xx_hal.o
                0x0000000008000538                HAL_IncTick
 .text.HAL_GetTick
                0x000000000800055c       0x14 ./Drivers/STM32F1xx_HAL_Driver/Src/stm32f1xx_hal.o
                0x000000000800055c                HAL_GetTick
 .text.__NVIC_SetPriorityGrouping
                0x0000000008000570       0x48 ./Drivers/STM32F1xx_HAL_Driver/Src/stm32f1xx_hal_cortex.o
 .text.__NVIC_GetPriorityGrouping
                0x00000000080005b8       0x1c ./Drivers/STM32F1xx_HAL_Driver/Src/stm32f1xx_hal_cortex.o
 .text.__NVIC_EnableIRQ
                0x00000000080005d4       0x38 ./Drivers/STM32F1xx_HAL_Driver/Src/stm32f1xx_hal_cortex.o
 .text.__NVIC_SetPriority
                0x000000000800060c       0x54 ./Drivers/STM32F1xx_HAL_Driver/Src/stm32f1xx_hal_cortex.o
 .text.NVIC_EncodePriority
                0x0000000008000660       0x64 ./Drivers/STM32F1xx_HAL_Driver/Src/stm32f1xx_hal_cortex.o
 .text.HAL_NVIC_SetPriorityGrouping
                0x00000000080006c4       0x16 ./Drivers/STM32F1xx_HAL_Driver/Src/stm32f1xx_hal_cortex.o
                0x00000000080006c4                HAL_NVIC_SetPriorityGrouping
 .text.HAL_NVIC_SetPriority
                0x00000000080006da       0x38 ./Drivers/STM32F1xx_HAL_Driver/Src/stm32f1xx_hal_cortex.o
                0x00000000080006da                HAL_NVIC_SetPriority
 .text.HAL_NVIC_EnableIRQ
                0x0000000008000712       0x1c ./Drivers/STM32F1xx_HAL_Driver/Src/stm32f1xx_hal_cortex.o
                0x0000000008000712                HAL_NVIC_EnableIRQ
 *fill*         0x000000000800072e        0x2 
 .text.HAL_GPIO_Init
                0x0000000008000730      0x308 ./Drivers/STM32F1xx_HAL_Driver/Src/stm32f1xx_hal_gpio.o
                0x0000000008000730                HAL_GPIO_Init
 .text.HAL_GPIO_WritePin
                0x0000000008000a38       0x30 ./Drivers/STM32F1xx_HAL_Driver/Src/stm32f1xx_hal_gpio.o
                0x0000000008000a38                HAL_GPIO_WritePin
 .text.HAL_RCC_OscConfig
                0x0000000008000a68      0x504 ./Drivers/STM32F1xx_HAL_Driver/Src/stm32f1xx_hal_rcc.o
                0x0000000008000a68                HAL_RCC_OscConfig
 .text.HAL_RCC_ClockConfig
                0x0000000008000f6c      0x1d4 ./Drivers/STM32F1xx_HAL_Driver/Src/stm32f1xx_hal_rcc.o
                0x0000000008000f6c                HAL_RCC_ClockConfig
 .text.HAL_RCC_GetSysClockFreq
                0x0000000008001140       0xbc ./Drivers/STM32F1xx_HAL_Driver/Src/stm32f1xx_hal_rcc.o
                0x0000000008001140                HAL_RCC_GetSysClockFreq
 .text.HAL_RCC_GetHCLKFreq
                0x00000000080011fc       0x14 ./Drivers/STM32F1xx_HAL_Driver/Src/stm32f1xx_hal_rcc.o
                0x00000000080011fc                HAL_RCC_GetHCLKFreq
 .text.HAL_RCC_GetPCLK1Freq
                0x0000000008001210       0x28 ./Drivers/STM32F1xx_HAL_Driver/Src/stm32f1xx_hal_rcc.o
                0x0000000008001210                HAL_RCC_GetPCLK1Freq
 .text.HAL_RCC_GetClockConfig
                0x0000000008001238       0x60 ./Drivers/STM32F1xx_HAL_Driver/Src/stm32f1xx_hal_rcc.o
                0x0000000008001238                HAL_RCC_GetClockConfig
 .text.RCC_Delay
                0x0000000008001298       0x3c ./Drivers/STM32F1xx_HAL_Driver/Src/stm32f1xx_hal_rcc.o
 .text.HAL_TIM_Base_Init
                0x00000000080012d4       0x9e ./Drivers/STM32F1xx_HAL_Driver/Src/stm32f1xx_hal_tim.o
                0x00000000080012d4                HAL_TIM_Base_Init
 .text.HAL_TIM_Base_MspInit
                0x0000000008001372       0x12 ./Drivers/STM32F1xx_HAL_Driver/Src/stm32f1xx_hal_tim.o
                0x0000000008001372                HAL_TIM_Base_MspInit
 .text.HAL_TIM_Base_Start_IT
                0x0000000008001384       0xa4 ./Drivers/STM32F1xx_HAL_Driver/Src/stm32f1xx_hal_tim.o
                0x0000000008001384                HAL_TIM_Base_Start_IT
 .text.HAL_TIM_IRQHandler
                0x0000000008001428      0x210 ./Drivers/STM32F1xx_HAL_Driver/Src/stm32f1xx_hal_tim.o
                0x0000000008001428                HAL_TIM_IRQHandler
 .text.HAL_TIM_OC_DelayElapsedCallback
                0x0000000008001638       0x12 ./Drivers/STM32F1xx_HAL_Driver/Src/stm32f1xx_hal_tim.o
                0x0000000008001638                HAL_TIM_OC_DelayElapsedCallback
 .text.HAL_TIM_IC_CaptureCallback
                0x000000000800164a       0x12 ./Drivers/STM32F1xx_HAL_Driver/Src/stm32f1xx_hal_tim.o
                0x000000000800164a                HAL_TIM_IC_CaptureCallback
 .text.HAL_TIM_PWM_PulseFinishedCallback
                0x000000000800165c       0x12 ./Drivers/STM32F1xx_HAL_Driver/Src/stm32f1xx_hal_tim.o
                0x000000000800165c                HAL_TIM_PWM_PulseFinishedCallback
 .text.HAL_TIM_TriggerCallback
                0x000000000800166e       0x12 ./Drivers/STM32F1xx_HAL_Driver/Src/stm32f1xx_hal_tim.o
                0x000000000800166e                HAL_TIM_TriggerCallback
 .text.TIM_Base_SetConfig
                0x0000000008001680       0xc4 ./Drivers/STM32F1xx_HAL_Driver/Src/stm32f1xx_hal_tim.o
                0x0000000008001680                TIM_Base_SetConfig
 .text.HAL_TIMEx_CommutCallback
                0x0000000008001744       0x12 ./Drivers/STM32F1xx_HAL_Driver/Src/stm32f1xx_hal_tim_ex.o
                0x0000000008001744                HAL_TIMEx_CommutCallback
 .text.HAL_TIMEx_BreakCallback
                0x0000000008001756       0x12 ./Drivers/STM32F1xx_HAL_Driver/Src/stm32f1xx_hal_tim_ex.o
                0x0000000008001756                HAL_TIMEx_BreakCallback
 .text.vListInitialise
                0x0000000008001768       0x3e ./FreeRTOS/Source/list.o
                0x0000000008001768                vListInitialise
 .text.vListInitialiseItem
                0x00000000080017a6       0x18 ./FreeRTOS/Source/list.o
                0x00000000080017a6                vListInitialiseItem
 .text.vListInsert
                0x00000000080017be       0x70 ./FreeRTOS/Source/list.o
                0x00000000080017be                vListInsert
 .text.uxListRemove
                0x000000000800182e       0x52 ./FreeRTOS/Source/list.o
                0x000000000800182e                uxListRemove
 .text.xQueueGenericReset
                0x0000000008001880       0xfc ./FreeRTOS/Source/queue.o
                0x0000000008001880                xQueueGenericReset
 .text.xQueueGenericCreateStatic
                0x000000000800197c       0x86 ./FreeRTOS/Source/queue.o
                0x000000000800197c                xQueueGenericCreateStatic
 .text.prvInitialiseNewQueue
                0x0000000008001a02       0x46 ./FreeRTOS/Source/queue.o
 .text.xQueueReceive
                0x0000000008001a48      0x188 ./FreeRTOS/Source/queue.o
                0x0000000008001a48                xQueueReceive
 .text.prvCopyDataFromQueue
                0x0000000008001bd0       0x4c ./FreeRTOS/Source/queue.o
 .text.prvUnlockQueue
                0x0000000008001c1c       0xa4 ./FreeRTOS/Source/queue.o
 .text.prvIsQueueEmpty
                0x0000000008001cc0       0x2c ./FreeRTOS/Source/queue.o
 .text.vQueueAddToRegistry
                0x0000000008001cec       0x88 ./FreeRTOS/Source/queue.o
                0x0000000008001cec                vQueueAddToRegistry
 .text.vQueueWaitForMessageRestricted
                0x0000000008001d74       0x68 ./FreeRTOS/Source/queue.o
                0x0000000008001d74                vQueueWaitForMessageRestricted
 .text.xTaskCreateStatic
                0x0000000008001ddc       0x8e ./FreeRTOS/Source/tasks.o
                0x0000000008001ddc                xTaskCreateStatic
 .text.xTaskCreate
                0x0000000008001e6a       0x94 ./FreeRTOS/Source/tasks.o
                0x0000000008001e6a                xTaskCreate
 .text.prvInitialiseNewTask
                0x0000000008001efe       0xf8 ./FreeRTOS/Source/tasks.o
 *fill*         0x0000000008001ff6        0x2 
 .text.prvAddNewTaskToReadyList
                0x0000000008001ff8      0x130 ./FreeRTOS/Source/tasks.o
 .text.vTaskStartScheduler
                0x0000000008002128       0xc4 ./FreeRTOS/Source/tasks.o
                0x0000000008002128                vTaskStartScheduler
 .text.vTaskSuspendAll
                0x00000000080021ec       0x1c ./FreeRTOS/Source/tasks.o
                0x00000000080021ec                vTaskSuspendAll
 .text.xTaskResumeAll
                0x0000000008002208      0x1e8 ./FreeRTOS/Source/tasks.o
                0x0000000008002208                xTaskResumeAll
 .text.xTaskGetTickCount
                0x00000000080023f0       0x1c ./FreeRTOS/Source/tasks.o
                0x00000000080023f0                xTaskGetTickCount
 .text.xTaskIncrementTick
                0x000000000800240c      0x210 ./FreeRTOS/Source/tasks.o
                0x000000000800240c                xTaskIncrementTick
 .text.vTaskSwitchContext
                0x000000000800261c       0xa4 ./FreeRTOS/Source/tasks.o
                0x000000000800261c                vTaskSwitchContext
 .text.vTaskPlaceOnEventList
                0x00000000080026c0       0x38 ./FreeRTOS/Source/tasks.o
                0x00000000080026c0                vTaskPlaceOnEventList
 .text.vTaskPlaceOnEventListRestricted
                0x00000000080026f8       0x78 ./FreeRTOS/Source/tasks.o
                0x00000000080026f8                vTaskPlaceOnEventListRestricted
 .text.xTaskRemoveFromEventList
                0x0000000008002770      0x198 ./FreeRTOS/Source/tasks.o
                0x0000000008002770                xTaskRemoveFromEventList
 .text.vTaskInternalSetTimeOutState
                0x0000000008002908       0x2c ./FreeRTOS/Source/tasks.o
                0x0000000008002908                vTaskInternalSetTimeOutState
 .text.xTaskCheckForTimeOut
                0x0000000008002934       0xc8 ./FreeRTOS/Source/tasks.o
                0x0000000008002934                xTaskCheckForTimeOut
 .text.vTaskMissedYield
                0x00000000080029fc       0x18 ./FreeRTOS/Source/tasks.o
                0x00000000080029fc                vTaskMissedYield
 .text.prvIdleTask
                0x0000000008002a14       0x30 ./FreeRTOS/Source/tasks.o
 .text.prvInitialiseTaskLists
                0x0000000008002a44       0x80 ./FreeRTOS/Source/tasks.o
 .text.prvCheckTasksWaitingTermination
                0x0000000008002ac4       0x5c ./FreeRTOS/Source/tasks.o
 .text.prvDeleteTCB
                0x0000000008002b20       0x4c ./FreeRTOS/Source/tasks.o
 .text.prvResetNextTaskUnblockTime
                0x0000000008002b6c       0x34 ./FreeRTOS/Source/tasks.o
 .text.xTaskGetSchedulerState
                0x0000000008002ba0       0x3c ./FreeRTOS/Source/tasks.o
                0x0000000008002ba0                xTaskGetSchedulerState
 .text.prvAddCurrentTaskToDelayedList
                0x0000000008002bdc       0xe8 ./FreeRTOS/Source/tasks.o
 .text.xTimerCreateTimerTask
                0x0000000008002cc4       0x7c ./FreeRTOS/Source/timers.o
                0x0000000008002cc4                xTimerCreateTimerTask
 .text.prvReloadTimer
                0x0000000008002d40       0x42 ./FreeRTOS/Source/timers.o
 *fill*         0x0000000008002d82        0x2 
 .text.prvProcessExpiredTimer
                0x0000000008002d84       0x60 ./FreeRTOS/Source/timers.o
 .text.prvTimerTask
                0x0000000008002de4       0x24 ./FreeRTOS/Source/timers.o
 .text.prvProcessTimerOrBlockTask
                0x0000000008002e08       0x9c ./FreeRTOS/Source/timers.o
 .text.prvGetNextExpireTime
                0x0000000008002ea4       0x44 ./FreeRTOS/Source/timers.o
 .text.prvSampleTimeNow
                0x0000000008002ee8       0x40 ./FreeRTOS/Source/timers.o
 .text.prvInsertTimerInActiveList
                0x0000000008002f28       0x84 ./FreeRTOS/Source/timers.o
 .text.prvProcessReceivedCommands
                0x0000000008002fac      0x190 ./FreeRTOS/Source/timers.o
 .text.prvSwitchTimerLists
                0x000000000800313c       0x4c ./FreeRTOS/Source/timers.o
 .text.prvCheckForValidListAndQueue
                0x0000000008003188       0x80 ./FreeRTOS/Source/timers.o
 .text.pxPortInitialiseStack
                0x0000000008003208       0x58 ./FreeRTOS/Source/portable/GCC/ARM_CM3/port.o
                0x0000000008003208                pxPortInitialiseStack
 .text.prvTaskExitError
                0x0000000008003260       0x44 ./FreeRTOS/Source/portable/GCC/ARM_CM3/port.o
 .text.prvPortStartFirstTask
                0x00000000080032a4       0x24 ./FreeRTOS/Source/portable/GCC/ARM_CM3/port.o
 .text.xPortStartScheduler
                0x00000000080032c8       0xc0 ./FreeRTOS/Source/portable/GCC/ARM_CM3/port.o
                0x00000000080032c8                xPortStartScheduler
 .text.vPortEnterCritical
                0x0000000008003388       0x4c ./FreeRTOS/Source/portable/GCC/ARM_CM3/port.o
                0x0000000008003388                vPortEnterCritical
 .text.vPortExitCritical
                0x00000000080033d4       0x3c ./FreeRTOS/Source/portable/GCC/ARM_CM3/port.o
                0x00000000080033d4                vPortExitCritical
 .text.vPortSetupTimerInterrupt
                0x0000000008003410       0x34 ./FreeRTOS/Source/portable/GCC/ARM_CM3/port.o
                0x0000000008003410                vPortSetupTimerInterrupt
 .text.pvPortMalloc
                0x0000000008003444      0x158 ./FreeRTOS/Source/portable/MemMang/heap_4.o
                0x0000000008003444                pvPortMalloc
 .text.vPortFree
                0x000000000800359c       0x94 ./FreeRTOS/Source/portable/MemMang/heap_4.o
                0x000000000800359c                vPortFree
 .text.prvHeapInit
                0x0000000008003630       0xb8 ./FreeRTOS/Source/portable/MemMang/heap_4.o
 .text.prvInsertBlockIntoFreeList
                0x00000000080036e8       0xb0 ./FreeRTOS/Source/portable/MemMang/heap_4.o
 .text.__libc_init_array
                0x0000000008003798       0x48 d:/program_file/st/stm32cubeide_1.6.1/stm32cubeide/plugins/com.st.stm32cube.ide.mcu.externaltools.gnu-tools-for-stm32.10.3-2021.10.win32_1.0.200.202301161003/tools/bin/../lib/gcc/arm-none-eabi/10.3.1/../../../../arm-none-eabi/lib/thumb/v7-m/nofp\libc_nano.a(lib_a-init.o)
                0x0000000008003798                __libc_init_array
 .text.memcpy   0x00000000080037e0       0x1c d:/program_file/st/stm32cubeide_1.6.1/stm32cubeide/plugins/com.st.stm32cube.ide.mcu.externaltools.gnu-tools-for-stm32.10.3-2021.10.win32_1.0.200.202301161003/tools/bin/../lib/gcc/arm-none-eabi/10.3.1/../../../../arm-none-eabi/lib/thumb/v7-m/nofp\libc_nano.a(lib_a-memcpy-stub.o)
                0x00000000080037e0                memcpy
 .text.memset   0x00000000080037fc       0x10 d:/program_file/st/stm32cubeide_1.6.1/stm32cubeide/plugins/com.st.stm32cube.ide.mcu.externaltools.gnu-tools-for-stm32.10.3-2021.10.win32_1.0.200.202301161003/tools/bin/../lib/gcc/arm-none-eabi/10.3.1/../../../../arm-none-eabi/lib/thumb/v7-m/nofp\libc_nano.a(lib_a-memset.o)
                0x00000000080037fc                memset
 *(.glue_7)
 .glue_7        0x000000000800380c        0x0 linker stubs
 *(.glue_7t)
 .glue_7t       0x000000000800380c        0x0 linker stubs
 *(.eh_frame)
 .eh_frame      0x000000000800380c        0x0 d:/program_file/st/stm32cubeide_1.6.1/stm32cubeide/plugins/com.st.stm32cube.ide.mcu.externaltools.gnu-tools-for-stm32.10.3-2021.10.win32_1.0.200.202301161003/tools/bin/../lib/gcc/arm-none-eabi/10.3.1/thumb/v7-m/nofp/crtbegin.o
 *(.init)
 .init          0x000000000800380c        0x4 d:/program_file/st/stm32cubeide_1.6.1/stm32cubeide/plugins/com.st.stm32cube.ide.mcu.externaltools.gnu-tools-for-stm32.10.3-2021.10.win32_1.0.200.202301161003/tools/bin/../lib/gcc/arm-none-eabi/10.3.1/thumb/v7-m/nofp/crti.o
                0x000000000800380c                _init
 .init          0x0000000008003810        0x8 d:/program_file/st/stm32cubeide_1.6.1/stm32cubeide/plugins/com.st.stm32cube.ide.mcu.externaltools.gnu-tools-for-stm32.10.3-2021.10.win32_1.0.200.202301161003/tools/bin/../lib/gcc/arm-none-eabi/10.3.1/thumb/v7-m/nofp/crtn.o
 *(.fini)
 .fini          0x0000000008003818        0x4 d:/program_file/st/stm32cubeide_1.6.1/stm32cubeide/plugins/com.st.stm32cube.ide.mcu.externaltools.gnu-tools-for-stm32.10.3-2021.10.win32_1.0.200.202301161003/tools/bin/../lib/gcc/arm-none-eabi/10.3.1/thumb/v7-m/nofp/crti.o
                0x0000000008003818                _fini
 .fini          0x000000000800381c        0x8 d:/program_file/st/stm32cubeide_1.6.1/stm32cubeide/plugins/com.st.stm32cube.ide.mcu.externaltools.gnu-tools-for-stm32.10.3-2021.10.win32_1.0.200.202301161003/tools/bin/../lib/gcc/arm-none-eabi/10.3.1/thumb/v7-m/nofp/crtn.o
                0x0000000008003824                . = ALIGN (0x4)
                0x0000000008003824                _etext = .

.vfp11_veneer   0x0000000008003824        0x0
 .vfp11_veneer  0x0000000008003824        0x0 linker stubs

.v4_bx          0x0000000008003824        0x0
 .v4_bx         0x0000000008003824        0x0 linker stubs

.iplt           0x0000000008003824        0x0
 .iplt          0x0000000008003824        0x0 d:/program_file/st/stm32cubeide_1.6.1/stm32cubeide/plugins/com.st.stm32cube.ide.mcu.externaltools.gnu-tools-for-stm32.10.3-2021.10.win32_1.0.200.202301161003/tools/bin/../lib/gcc/arm-none-eabi/10.3.1/thumb/v7-m/nofp/crtbegin.o

.rodata         0x0000000008003824       0x48
                0x0000000008003824                . = ALIGN (0x4)
 *(.rodata)
 .rodata        0x0000000008003824        0x7 ./Core/Src/main.o
 *fill*         0x000000000800382b        0x1 
 .rodata        0x000000000800382c       0x10 ./Drivers/STM32F1xx_HAL_Driver/Src/stm32f1xx_hal_rcc.o
 .rodata        0x000000000800383c        0x5 ./FreeRTOS/Source/tasks.o
 *fill*         0x0000000008003841        0x3 
 .rodata        0x0000000008003844        0xd ./FreeRTOS/Source/timers.o
 *(.rodata*)
 *fill*         0x0000000008003851        0x3 
 .rodata.AHBPrescTable
                0x0000000008003854       0x10 ./Core/Src/system_stm32f1xx.o
                0x0000000008003854                AHBPrescTable
 .rodata.APBPrescTable
                0x0000000008003864        0x8 ./Core/Src/system_stm32f1xx.o
                0x0000000008003864                APBPrescTable
                0x000000000800386c                . = ALIGN (0x4)

.rel.dyn        0x000000000800386c        0x0
 .rel.iplt      0x000000000800386c        0x0 d:/program_file/st/stm32cubeide_1.6.1/stm32cubeide/plugins/com.st.stm32cube.ide.mcu.externaltools.gnu-tools-for-stm32.10.3-2021.10.win32_1.0.200.202301161003/tools/bin/../lib/gcc/arm-none-eabi/10.3.1/thumb/v7-m/nofp/crtbegin.o

.ARM.extab      0x000000000800386c        0x0
                0x000000000800386c                . = ALIGN (0x4)
 *(.ARM.extab* .gnu.linkonce.armextab.*)
                0x000000000800386c                . = ALIGN (0x4)

.ARM            0x000000000800386c        0x0
                0x000000000800386c                . = ALIGN (0x4)
                0x000000000800386c                __exidx_start = .
 *(.ARM.exidx*)
                0x000000000800386c                __exidx_end = .
                0x000000000800386c                . = ALIGN (0x4)

.preinit_array  0x000000000800386c        0x0
                0x000000000800386c                . = ALIGN (0x4)
                0x000000000800386c                PROVIDE (__preinit_array_start = .)
 *(.preinit_array*)
                0x000000000800386c                PROVIDE (__preinit_array_end = .)
                0x000000000800386c                . = ALIGN (0x4)

.init_array     0x000000000800386c        0x4
                0x000000000800386c                . = ALIGN (0x4)
                0x000000000800386c                PROVIDE (__init_array_start = .)
 *(SORT_BY_NAME(.init_array.*))
 *(.init_array*)
 .init_array    0x000000000800386c        0x4 d:/program_file/st/stm32cubeide_1.6.1/stm32cubeide/plugins/com.st.stm32cube.ide.mcu.externaltools.gnu-tools-for-stm32.10.3-2021.10.win32_1.0.200.202301161003/tools/bin/../lib/gcc/arm-none-eabi/10.3.1/thumb/v7-m/nofp/crtbegin.o
                0x0000000008003870                PROVIDE (__init_array_end = .)
                0x0000000008003870                . = ALIGN (0x4)

.fini_array     0x0000000008003870        0x4
                0x0000000008003870                . = ALIGN (0x4)
                [!provide]                        PROVIDE (__fini_array_start = .)
 *(SORT_BY_NAME(.fini_array.*))
 *(.fini_array*)
 .fini_array    0x0000000008003870        0x4 d:/program_file/st/stm32cubeide_1.6.1/stm32cubeide/plugins/com.st.stm32cube.ide.mcu.externaltools.gnu-tools-for-stm32.10.3-2021.10.win32_1.0.200.202301161003/tools/bin/../lib/gcc/arm-none-eabi/10.3.1/thumb/v7-m/nofp/crtbegin.o
                [!provide]                        PROVIDE (__fini_array_end = .)
                0x0000000008003874                . = ALIGN (0x4)
                0x0000000008003874                _sidata = LOADADDR (.data)

.data           0x0000000020000000       0x14 load address 0x0000000008003874
                0x0000000020000000                . = ALIGN (0x4)
                0x0000000020000000                _sdata = .
 *(.data)
 *(.data*)
 .data.SystemCoreClock
                0x0000000020000000        0x4 ./Core/Src/system_stm32f1xx.o
                0x0000000020000000                SystemCoreClock
 .data.uwTickPrio
                0x0000000020000004        0x4 ./Drivers/STM32F1xx_HAL_Driver/Src/stm32f1xx_hal.o
                0x0000000020000004                uwTickPrio
 .data.uwTickFreq
                0x0000000020000008        0x1 ./Drivers/STM32F1xx_HAL_Driver/Src/stm32f1xx_hal.o
                0x0000000020000008                uwTickFreq
 *fill*         0x0000000020000009        0x3 
 .data.uxTopUsedPriority
                0x000000002000000c        0x4 ./FreeRTOS/Source/tasks.o
                0x000000002000000c                uxTopUsedPriority
 .data.uxCriticalNesting
                0x0000000020000010        0x4 ./FreeRTOS/Source/portable/GCC/ARM_CM3/port.o
 *(.RamFunc)
 *(.RamFunc*)
                0x0000000020000014                . = ALIGN (0x4)
                0x0000000020000014                _edata = .

.igot.plt       0x0000000020000014        0x0 load address 0x0000000008003888
 .igot.plt      0x0000000020000014        0x0 d:/program_file/st/stm32cubeide_1.6.1/stm32cubeide/plugins/com.st.stm32cube.ide.mcu.externaltools.gnu-tools-for-stm32.10.3-2021.10.win32_1.0.200.202301161003/tools/bin/../lib/gcc/arm-none-eabi/10.3.1/thumb/v7-m/nofp/crtbegin.o
                0x0000000020000014                . = ALIGN (0x4)

.bss            0x0000000020000014     0x1864 load address 0x0000000008003888
                0x0000000020000014                _sbss = .
                0x0000000020000014                __bss_start__ = _sbss
 *(.bss)
 .bss           0x0000000020000014       0x1c d:/program_file/st/stm32cubeide_1.6.1/stm32cubeide/plugins/com.st.stm32cube.ide.mcu.externaltools.gnu-tools-for-stm32.10.3-2021.10.win32_1.0.200.202301161003/tools/bin/../lib/gcc/arm-none-eabi/10.3.1/thumb/v7-m/nofp/crtbegin.o
 *(.bss*)
 .bss.xHandle   0x0000000020000030        0x4 ./Core/Src/main.o
                0x0000000020000030                xHandle
 .bss.htim4     0x0000000020000034       0x48 ./Core/Src/stm32f1xx_hal_timebase_tim.o
                0x0000000020000034                htim4
 .bss.uwTick    0x000000002000007c        0x4 ./Drivers/STM32F1xx_HAL_Driver/Src/stm32f1xx_hal.o
                0x000000002000007c                uwTick
 .bss.xQueueRegistry
                0x0000000020000080       0xa0 ./FreeRTOS/Source/queue.o
                0x0000000020000080                xQueueRegistry
 .bss.pxCurrentTCB
                0x0000000020000120        0x4 ./FreeRTOS/Source/tasks.o
                0x0000000020000120                pxCurrentTCB
 .bss.pxReadyTasksLists
                0x0000000020000124       0xc8 ./FreeRTOS/Source/tasks.o
 .bss.xDelayedTaskList1
                0x00000000200001ec       0x14 ./FreeRTOS/Source/tasks.o
 .bss.xDelayedTaskList2
                0x0000000020000200       0x14 ./FreeRTOS/Source/tasks.o
 .bss.pxDelayedTaskList
                0x0000000020000214        0x4 ./FreeRTOS/Source/tasks.o
 .bss.pxOverflowDelayedTaskList
                0x0000000020000218        0x4 ./FreeRTOS/Source/tasks.o
 .bss.xPendingReadyList
                0x000000002000021c       0x14 ./FreeRTOS/Source/tasks.o
 .bss.xTasksWaitingTermination
                0x0000000020000230       0x14 ./FreeRTOS/Source/tasks.o
 .bss.uxDeletedTasksWaitingCleanUp
                0x0000000020000244        0x4 ./FreeRTOS/Source/tasks.o
 .bss.xSuspendedTaskList
                0x0000000020000248       0x14 ./FreeRTOS/Source/tasks.o
 .bss.uxCurrentNumberOfTasks
                0x000000002000025c        0x4 ./FreeRTOS/Source/tasks.o
 .bss.xTickCount
                0x0000000020000260        0x4 ./FreeRTOS/Source/tasks.o
 .bss.uxTopReadyPriority
                0x0000000020000264        0x4 ./FreeRTOS/Source/tasks.o
 .bss.xSchedulerRunning
                0x0000000020000268        0x4 ./FreeRTOS/Source/tasks.o
 .bss.xPendedTicks
                0x000000002000026c        0x4 ./FreeRTOS/Source/tasks.o
 .bss.xYieldPending
                0x0000000020000270        0x4 ./FreeRTOS/Source/tasks.o
 .bss.xNumOfOverflows
                0x0000000020000274        0x4 ./FreeRTOS/Source/tasks.o
 .bss.uxTaskNumber
                0x0000000020000278        0x4 ./FreeRTOS/Source/tasks.o
 .bss.xNextTaskUnblockTime
                0x000000002000027c        0x4 ./FreeRTOS/Source/tasks.o
 .bss.xIdleTaskHandle
                0x0000000020000280        0x4 ./FreeRTOS/Source/tasks.o
 .bss.uxSchedulerSuspended
                0x0000000020000284        0x4 ./FreeRTOS/Source/tasks.o
 .bss.xActiveTimerList1
                0x0000000020000288       0x14 ./FreeRTOS/Source/timers.o
 .bss.xActiveTimerList2
                0x000000002000029c       0x14 ./FreeRTOS/Source/timers.o
 .bss.pxCurrentTimerList
                0x00000000200002b0        0x4 ./FreeRTOS/Source/timers.o
 .bss.pxOverflowTimerList
                0x00000000200002b4        0x4 ./FreeRTOS/Source/timers.o
 .bss.xTimerQueue
                0x00000000200002b8        0x4 ./FreeRTOS/Source/timers.o
 .bss.xTimerTaskHandle
                0x00000000200002bc        0x4 ./FreeRTOS/Source/timers.o
 .bss.xLastTime.2
                0x00000000200002c0        0x4 ./FreeRTOS/Source/timers.o
 .bss.ucStaticTimerQueueStorage.1
                0x00000000200002c4      0x140 ./FreeRTOS/Source/timers.o
 .bss.xStaticTimerQueue.0
                0x0000000020000404       0x50 ./FreeRTOS/Source/timers.o
 .bss.ucMaxSysCallPriority
                0x0000000020000454        0x1 ./FreeRTOS/Source/portable/GCC/ARM_CM3/port.o
 *fill*         0x0000000020000455        0x3 
 .bss.ulMaxPRIGROUPValue
                0x0000000020000458        0x4 ./FreeRTOS/Source/portable/GCC/ARM_CM3/port.o
 .bss.ucHeap    0x000000002000045c     0x1400 ./FreeRTOS/Source/portable/MemMang/heap_4.o
 .bss.xStart    0x000000002000185c        0x8 ./FreeRTOS/Source/portable/MemMang/heap_4.o
 .bss.pxEnd     0x0000000020001864        0x4 ./FreeRTOS/Source/portable/MemMang/heap_4.o
 .bss.xFreeBytesRemaining
                0x0000000020001868        0x4 ./FreeRTOS/Source/portable/MemMang/heap_4.o
 .bss.xMinimumEverFreeBytesRemaining
                0x000000002000186c        0x4 ./FreeRTOS/Source/portable/MemMang/heap_4.o
 .bss.xNumberOfSuccessfulAllocations
                0x0000000020001870        0x4 ./FreeRTOS/Source/portable/MemMang/heap_4.o
 .bss.xNumberOfSuccessfulFrees
                0x0000000020001874        0x4 ./FreeRTOS/Source/portable/MemMang/heap_4.o
 *(COMMON)
                0x0000000020001878                . = ALIGN (0x4)
                0x0000000020001878                _ebss = .
                0x0000000020001878                __bss_end__ = _ebss

._user_heap_stack
                0x0000000020001878      0x600 load address 0x0000000008003888
                0x0000000020001878                . = ALIGN (0x8)
                [!provide]                        PROVIDE (end = .)
                0x0000000020001878                PROVIDE (_end = .)
                0x0000000020001a78                . = (. + _Min_Heap_Size)
 *fill*         0x0000000020001878      0x200 
                0x0000000020001e78                . = (. + _Min_Stack_Size)
 *fill*         0x0000000020001a78      0x400 
                0x0000000020001e78                . = ALIGN (0x8)

/DISCARD/
 libc.a(*)
 libm.a(*)
 libgcc.a(*)

.ARM.attributes
                0x0000000000000000       0x29
 *(.ARM.attributes)
 .ARM.attributes
                0x0000000000000000       0x1d d:/program_file/st/stm32cubeide_1.6.1/stm32cubeide/plugins/com.st.stm32cube.ide.mcu.externaltools.gnu-tools-for-stm32.10.3-2021.10.win32_1.0.200.202301161003/tools/bin/../lib/gcc/arm-none-eabi/10.3.1/thumb/v7-m/nofp/crti.o
 .ARM.attributes
                0x000000000000001d       0x2d d:/program_file/st/stm32cubeide_1.6.1/stm32cubeide/plugins/com.st.stm32cube.ide.mcu.externaltools.gnu-tools-for-stm32.10.3-2021.10.win32_1.0.200.202301161003/tools/bin/../lib/gcc/arm-none-eabi/10.3.1/thumb/v7-m/nofp/crtbegin.o
 .ARM.attributes
                0x000000000000004a       0x2d ./Core/Src/main.o
 .ARM.attributes
                0x0000000000000077       0x2d ./Core/Src/stm32f1xx_hal_msp.o
 .ARM.attributes
                0x00000000000000a4       0x2d ./Core/Src/stm32f1xx_hal_timebase_tim.o
 .ARM.attributes
                0x00000000000000d1       0x2d ./Core/Src/stm32f1xx_it.o
 .ARM.attributes
                0x00000000000000fe       0x2d ./Core/Src/system_stm32f1xx.o
 .ARM.attributes
                0x000000000000012b       0x21 ./Core/Startup/startup_stm32f103c8tx.o
 .ARM.attributes
                0x000000000000014c       0x2d ./Drivers/STM32F1xx_HAL_Driver/Src/stm32f1xx_hal.o
 .ARM.attributes
                0x0000000000000179       0x2d ./Drivers/STM32F1xx_HAL_Driver/Src/stm32f1xx_hal_cortex.o
 .ARM.attributes
                0x00000000000001a6       0x2d ./Drivers/STM32F1xx_HAL_Driver/Src/stm32f1xx_hal_gpio.o
 .ARM.attributes
                0x00000000000001d3       0x2d ./Drivers/STM32F1xx_HAL_Driver/Src/stm32f1xx_hal_rcc.o
 .ARM.attributes
                0x0000000000000200       0x2d ./Drivers/STM32F1xx_HAL_Driver/Src/stm32f1xx_hal_tim.o
 .ARM.attributes
                0x000000000000022d       0x2d ./Drivers/STM32F1xx_HAL_Driver/Src/stm32f1xx_hal_tim_ex.o
 .ARM.attributes
                0x000000000000025a       0x2d ./FreeRTOS/Source/list.o
 .ARM.attributes
                0x0000000000000287       0x2d ./FreeRTOS/Source/queue.o
 .ARM.attributes
                0x00000000000002b4       0x2d ./FreeRTOS/Source/tasks.o
 .ARM.attributes
                0x00000000000002e1       0x2d ./FreeRTOS/Source/timers.o
 .ARM.attributes
                0x000000000000030e       0x2d ./FreeRTOS/Source/portable/GCC/ARM_CM3/port.o
 .ARM.attributes
                0x000000000000033b       0x2d ./FreeRTOS/Source/portable/MemMang/heap_4.o
 .ARM.attributes
                0x0000000000000368       0x2d d:/program_file/st/stm32cubeide_1.6.1/stm32cubeide/plugins/com.st.stm32cube.ide.mcu.externaltools.gnu-tools-for-stm32.10.3-2021.10.win32_1.0.200.202301161003/tools/bin/../lib/gcc/arm-none-eabi/10.3.1/../../../../arm-none-eabi/lib/thumb/v7-m/nofp\libc_nano.a(lib_a-init.o)
 .ARM.attributes
                0x0000000000000395       0x2d d:/program_file/st/stm32cubeide_1.6.1/stm32cubeide/plugins/com.st.stm32cube.ide.mcu.externaltools.gnu-tools-for-stm32.10.3-2021.10.win32_1.0.200.202301161003/tools/bin/../lib/gcc/arm-none-eabi/10.3.1/../../../../arm-none-eabi/lib/thumb/v7-m/nofp\libc_nano.a(lib_a-memcpy-stub.o)
 .ARM.attributes
                0x00000000000003c2       0x2d d:/program_file/st/stm32cubeide_1.6.1/stm32cubeide/plugins/com.st.stm32cube.ide.mcu.externaltools.gnu-tools-for-stm32.10.3-2021.10.win32_1.0.200.202301161003/tools/bin/../lib/gcc/arm-none-eabi/10.3.1/../../../../arm-none-eabi/lib/thumb/v7-m/nofp\libc_nano.a(lib_a-memset.o)
 .ARM.attributes
                0x00000000000003ef       0x1d d:/program_file/st/stm32cubeide_1.6.1/stm32cubeide/plugins/com.st.stm32cube.ide.mcu.externaltools.gnu-tools-for-stm32.10.3-2021.10.win32_1.0.200.202301161003/tools/bin/../lib/gcc/arm-none-eabi/10.3.1/thumb/v7-m/nofp/crtn.o
OUTPUT(FreeRTOS_BD.elf elf32-littlearm)
LOAD linker stubs
LOAD d:/program_file/st/stm32cubeide_1.6.1/stm32cubeide/plugins/com.st.stm32cube.ide.mcu.externaltools.gnu-tools-for-stm32.10.3-2021.10.win32_1.0.200.202301161003/tools/bin/../lib/gcc/arm-none-eabi/10.3.1/../../../../arm-none-eabi/lib/thumb/v7-m/nofp\libc.a
LOAD d:/program_file/st/stm32cubeide_1.6.1/stm32cubeide/plugins/com.st.stm32cube.ide.mcu.externaltools.gnu-tools-for-stm32.10.3-2021.10.win32_1.0.200.202301161003/tools/bin/../lib/gcc/arm-none-eabi/10.3.1/../../../../arm-none-eabi/lib/thumb/v7-m/nofp\libm.a
LOAD d:/program_file/st/stm32cubeide_1.6.1/stm32cubeide/plugins/com.st.stm32cube.ide.mcu.externaltools.gnu-tools-for-stm32.10.3-2021.10.win32_1.0.200.202301161003/tools/bin/../lib/gcc/arm-none-eabi/10.3.1/thumb/v7-m/nofp\libgcc.a

.debug_info     0x0000000000000000     0xdd1c
 .debug_info    0x0000000000000000      0xb93 ./Core/Src/main.o
 .debug_info    0x0000000000000b93      0x210 ./Core/Src/stm32f1xx_hal_msp.o
 .debug_info    0x0000000000000da3      0x9f8 ./Core/Src/stm32f1xx_hal_timebase_tim.o
 .debug_info    0x000000000000179b      0x6e1 ./Core/Src/stm32f1xx_it.o
 .debug_info    0x0000000000001e7c      0x23d ./Core/Src/system_stm32f1xx.o
 .debug_info    0x00000000000020b9       0x22 ./Core/Startup/startup_stm32f103c8tx.o
 .debug_info    0x00000000000020db      0x734 ./Drivers/STM32F1xx_HAL_Driver/Src/stm32f1xx_hal.o
 .debug_info    0x000000000000280f      0xb20 ./Drivers/STM32F1xx_HAL_Driver/Src/stm32f1xx_hal_cortex.o
 .debug_info    0x000000000000332f      0x615 ./Drivers/STM32F1xx_HAL_Driver/Src/stm32f1xx_hal_gpio.o
 .debug_info    0x0000000000003944      0x860 ./Drivers/STM32F1xx_HAL_Driver/Src/stm32f1xx_hal_rcc.o
 .debug_info    0x00000000000041a4     0x29de ./Drivers/STM32F1xx_HAL_Driver/Src/stm32f1xx_hal_tim.o
 .debug_info    0x0000000000006b82     0x1513 ./Drivers/STM32F1xx_HAL_Driver/Src/stm32f1xx_hal_tim_ex.o
 .debug_info    0x0000000000008095      0x2d1 ./FreeRTOS/Source/list.o
 .debug_info    0x0000000000008366     0x1829 ./FreeRTOS/Source/queue.o
 .debug_info    0x0000000000009b8f     0x2530 ./FreeRTOS/Source/tasks.o
 .debug_info    0x000000000000c0bf     0x1397 ./FreeRTOS/Source/timers.o
 .debug_info    0x000000000000d456      0x3e9 ./FreeRTOS/Source/portable/GCC/ARM_CM3/port.o
 .debug_info    0x000000000000d83f      0x4dd ./FreeRTOS/Source/portable/MemMang/heap_4.o

.debug_abbrev   0x0000000000000000     0x2522
 .debug_abbrev  0x0000000000000000      0x263 ./Core/Src/main.o
 .debug_abbrev  0x0000000000000263       0xd4 ./Core/Src/stm32f1xx_hal_msp.o
 .debug_abbrev  0x0000000000000337      0x1e6 ./Core/Src/stm32f1xx_hal_timebase_tim.o
 .debug_abbrev  0x000000000000051d      0x171 ./Core/Src/stm32f1xx_it.o
 .debug_abbrev  0x000000000000068e      0x13b ./Core/Src/system_stm32f1xx.o
 .debug_abbrev  0x00000000000007c9       0x12 ./Core/Startup/startup_stm32f103c8tx.o
 .debug_abbrev  0x00000000000007db      0x1fb ./Drivers/STM32F1xx_HAL_Driver/Src/stm32f1xx_hal.o
 .debug_abbrev  0x00000000000009d6      0x2ed ./Drivers/STM32F1xx_HAL_Driver/Src/stm32f1xx_hal_cortex.o
 .debug_abbrev  0x0000000000000cc3      0x1bb ./Drivers/STM32F1xx_HAL_Driver/Src/stm32f1xx_hal_gpio.o
 .debug_abbrev  0x0000000000000e7e      0x2a8 ./Drivers/STM32F1xx_HAL_Driver/Src/stm32f1xx_hal_rcc.o
 .debug_abbrev  0x0000000000001126      0x25d ./Drivers/STM32F1xx_HAL_Driver/Src/stm32f1xx_hal_tim.o
 .debug_abbrev  0x0000000000001383      0x265 ./Drivers/STM32F1xx_HAL_Driver/Src/stm32f1xx_hal_tim_ex.o
 .debug_abbrev  0x00000000000015e8       0xf2 ./FreeRTOS/Source/list.o
 .debug_abbrev  0x00000000000016da      0x35f ./FreeRTOS/Source/queue.o
 .debug_abbrev  0x0000000000001a39      0x3aa ./FreeRTOS/Source/tasks.o
 .debug_abbrev  0x0000000000001de3      0x311 ./FreeRTOS/Source/timers.o
 .debug_abbrev  0x00000000000020f4      0x242 ./FreeRTOS/Source/portable/GCC/ARM_CM3/port.o
 .debug_abbrev  0x0000000000002336      0x1ec ./FreeRTOS/Source/portable/MemMang/heap_4.o

.debug_aranges  0x0000000000000000      0xef0
 .debug_aranges
                0x0000000000000000       0x48 ./Core/Src/main.o
 .debug_aranges
                0x0000000000000048       0x20 ./Core/Src/stm32f1xx_hal_msp.o
 .debug_aranges
                0x0000000000000068       0x30 ./Core/Src/stm32f1xx_hal_timebase_tim.o
 .debug_aranges
                0x0000000000000098       0x68 ./Core/Src/stm32f1xx_it.o
 .debug_aranges
                0x0000000000000100       0x28 ./Core/Src/system_stm32f1xx.o
 .debug_aranges
                0x0000000000000128       0x28 ./Core/Startup/startup_stm32f103c8tx.o
 .debug_aranges
                0x0000000000000150       0xe0 ./Drivers/STM32F1xx_HAL_Driver/Src/stm32f1xx_hal.o
 .debug_aranges
                0x0000000000000230      0x100 ./Drivers/STM32F1xx_HAL_Driver/Src/stm32f1xx_hal_cortex.o
 .debug_aranges
                0x0000000000000330       0x58 ./Drivers/STM32F1xx_HAL_Driver/Src/stm32f1xx_hal_gpio.o
 .debug_aranges
                0x0000000000000388       0x90 ./Drivers/STM32F1xx_HAL_Driver/Src/stm32f1xx_hal_rcc.o
 .debug_aranges
                0x0000000000000418      0x3d0 ./Drivers/STM32F1xx_HAL_Driver/Src/stm32f1xx_hal_tim.o
 .debug_aranges
                0x00000000000007e8      0x168 ./Drivers/STM32F1xx_HAL_Driver/Src/stm32f1xx_hal_tim_ex.o
 .debug_aranges
                0x0000000000000950       0x40 ./FreeRTOS/Source/list.o
 .debug_aranges
                0x0000000000000990      0x158 ./FreeRTOS/Source/queue.o
 .debug_aranges
                0x0000000000000ae8      0x230 ./FreeRTOS/Source/tasks.o
 .debug_aranges
                0x0000000000000d18      0x100 ./FreeRTOS/Source/timers.o
 .debug_aranges
                0x0000000000000e18       0x78 ./FreeRTOS/Source/portable/GCC/ARM_CM3/port.o
 .debug_aranges
                0x0000000000000e90       0x60 ./FreeRTOS/Source/portable/MemMang/heap_4.o

.debug_ranges   0x0000000000000000      0xdd8
 .debug_ranges  0x0000000000000000       0x38 ./Core/Src/main.o
 .debug_ranges  0x0000000000000038       0x10 ./Core/Src/stm32f1xx_hal_msp.o
 .debug_ranges  0x0000000000000048       0x20 ./Core/Src/stm32f1xx_hal_timebase_tim.o
 .debug_ranges  0x0000000000000068       0x58 ./Core/Src/stm32f1xx_it.o
 .debug_ranges  0x00000000000000c0       0x18 ./Core/Src/system_stm32f1xx.o
 .debug_ranges  0x00000000000000d8       0x20 ./Core/Startup/startup_stm32f103c8tx.o
 .debug_ranges  0x00000000000000f8       0xd0 ./Drivers/STM32F1xx_HAL_Driver/Src/stm32f1xx_hal.o
 .debug_ranges  0x00000000000001c8       0xf0 ./Drivers/STM32F1xx_HAL_Driver/Src/stm32f1xx_hal_cortex.o
 .debug_ranges  0x00000000000002b8       0x48 ./Drivers/STM32F1xx_HAL_Driver/Src/stm32f1xx_hal_gpio.o
 .debug_ranges  0x0000000000000300       0x80 ./Drivers/STM32F1xx_HAL_Driver/Src/stm32f1xx_hal_rcc.o
 .debug_ranges  0x0000000000000380      0x3c0 ./Drivers/STM32F1xx_HAL_Driver/Src/stm32f1xx_hal_tim.o
 .debug_ranges  0x0000000000000740      0x158 ./Drivers/STM32F1xx_HAL_Driver/Src/stm32f1xx_hal_tim_ex.o
 .debug_ranges  0x0000000000000898       0x30 ./FreeRTOS/Source/list.o
 .debug_ranges  0x00000000000008c8      0x148 ./FreeRTOS/Source/queue.o
 .debug_ranges  0x0000000000000a10      0x220 ./FreeRTOS/Source/tasks.o
 .debug_ranges  0x0000000000000c30       0xf0 ./FreeRTOS/Source/timers.o
 .debug_ranges  0x0000000000000d20       0x68 ./FreeRTOS/Source/portable/GCC/ARM_CM3/port.o
 .debug_ranges  0x0000000000000d88       0x50 ./FreeRTOS/Source/portable/MemMang/heap_4.o

.debug_macro    0x0000000000000000    0x17f3f
 .debug_macro   0x0000000000000000      0x215 ./Core/Src/main.o
 .debug_macro   0x0000000000000215      0xa6c ./Core/Src/main.o
 .debug_macro   0x0000000000000c81      0x215 ./Core/Src/main.o
 .debug_macro   0x0000000000000e96       0x2e ./Core/Src/main.o
 .debug_macro   0x0000000000000ec4       0x22 ./Core/Src/main.o
 .debug_macro   0x0000000000000ee6       0x22 ./Core/Src/main.o
 .debug_macro   0x0000000000000f08       0x8e ./Core/Src/main.o
 .debug_macro   0x0000000000000f96       0x51 ./Core/Src/main.o
 .debug_macro   0x0000000000000fe7      0x103 ./Core/Src/main.o
 .debug_macro   0x00000000000010ea       0x6a ./Core/Src/main.o
 .debug_macro   0x0000000000001154      0x1df ./Core/Src/main.o
 .debug_macro   0x0000000000001333       0x1c ./Core/Src/main.o
 .debug_macro   0x000000000000134f       0x22 ./Core/Src/main.o
 .debug_macro   0x0000000000001371       0xbd ./Core/Src/main.o
 .debug_macro   0x000000000000142e      0xd23 ./Core/Src/main.o
 .debug_macro   0x0000000000002151     0xe09e ./Core/Src/main.o
 .debug_macro   0x00000000000101ef       0x6d ./Core/Src/main.o
 .debug_macro   0x000000000001025c     0x3468 ./Core/Src/main.o
 .debug_macro   0x00000000000136c4      0x174 ./Core/Src/main.o
 .debug_macro   0x0000000000013838       0x5c ./Core/Src/main.o
 .debug_macro   0x0000000000013894      0x5be ./Core/Src/main.o
 .debug_macro   0x0000000000013e52      0x289 ./Core/Src/main.o
 .debug_macro   0x00000000000140db      0x1cb ./Core/Src/main.o
 .debug_macro   0x00000000000142a6      0x114 ./Core/Src/main.o
 .debug_macro   0x00000000000143ba      0x1b2 ./Core/Src/main.o
 .debug_macro   0x000000000001456c       0x27 ./Core/Src/main.o
 .debug_macro   0x0000000000014593      0x136 ./Core/Src/main.o
 .debug_macro   0x00000000000146c9      0x1bc ./Core/Src/main.o
 .debug_macro   0x0000000000014885       0x34 ./Core/Src/main.o
 .debug_macro   0x00000000000148b9       0x3c ./Core/Src/main.o
 .debug_macro   0x00000000000148f5       0x57 ./Core/Src/main.o
 .debug_macro   0x000000000001494c       0x88 ./Core/Src/main.o
 .debug_macro   0x00000000000149d4      0x241 ./Core/Src/main.o
 .debug_macro   0x0000000000014c15      0x141 ./Core/Src/main.o
 .debug_macro   0x0000000000014d56      0x8d1 ./Core/Src/main.o
 .debug_macro   0x0000000000015627       0x83 ./Core/Src/main.o
 .debug_macro   0x00000000000156aa       0x10 ./Core/Src/main.o
 .debug_macro   0x00000000000156ba      0x13c ./Core/Src/main.o
 .debug_macro   0x00000000000157f6      0x15a ./Core/Src/main.o
 .debug_macro   0x0000000000015950       0xcf ./Core/Src/main.o
 .debug_macro   0x0000000000015a1f       0x28 ./Core/Src/main.o
 .debug_macro   0x0000000000015a47       0x1f ./Core/Src/main.o
 .debug_macro   0x0000000000015a66       0x12 ./Core/Src/main.o
 .debug_macro   0x0000000000015a78      0x4e7 ./Core/Src/main.o
 .debug_macro   0x0000000000015f5f       0xc3 ./Core/Src/main.o
 .debug_macro   0x0000000000016022      0x120 ./Core/Src/main.o
 .debug_macro   0x0000000000016142      0x1a8 ./Core/Src/stm32f1xx_hal_msp.o
 .debug_macro   0x00000000000162ea      0x199 ./Core/Src/stm32f1xx_hal_timebase_tim.o
 .debug_macro   0x0000000000016483      0x1b2 ./Core/Src/stm32f1xx_it.o
 .debug_macro   0x0000000000016635      0x199 ./Core/Src/system_stm32f1xx.o
 .debug_macro   0x00000000000167ce      0x1bd ./Drivers/STM32F1xx_HAL_Driver/Src/stm32f1xx_hal.o
 .debug_macro   0x000000000001698b      0x199 ./Drivers/STM32F1xx_HAL_Driver/Src/stm32f1xx_hal_cortex.o
 .debug_macro   0x0000000000016b24      0x204 ./Drivers/STM32F1xx_HAL_Driver/Src/stm32f1xx_hal_gpio.o
 .debug_macro   0x0000000000016d28      0x1ab ./Drivers/STM32F1xx_HAL_Driver/Src/stm32f1xx_hal_rcc.o
 .debug_macro   0x0000000000016ed3      0x19a ./Drivers/STM32F1xx_HAL_Driver/Src/stm32f1xx_hal_tim.o
 .debug_macro   0x000000000001706d      0x199 ./Drivers/STM32F1xx_HAL_Driver/Src/stm32f1xx_hal_tim_ex.o
 .debug_macro   0x0000000000017206      0x198 ./FreeRTOS/Source/list.o
 .debug_macro   0x000000000001739e      0x22f ./FreeRTOS/Source/queue.o
 .debug_macro   0x00000000000175cd       0x16 ./FreeRTOS/Source/queue.o
 .debug_macro   0x00000000000175e3       0x20 ./FreeRTOS/Source/queue.o
 .debug_macro   0x0000000000017603       0x87 ./FreeRTOS/Source/queue.o
 .debug_macro   0x000000000001768a      0x284 ./FreeRTOS/Source/tasks.o
 .debug_macro   0x000000000001790e       0x17 ./FreeRTOS/Source/tasks.o
 .debug_macro   0x0000000000017925      0x1e7 ./FreeRTOS/Source/timers.o
 .debug_macro   0x0000000000017b0c       0x97 ./FreeRTOS/Source/timers.o
 .debug_macro   0x0000000000017ba3      0x183 ./FreeRTOS/Source/portable/GCC/ARM_CM3/port.o
 .debug_macro   0x0000000000017d26      0x219 ./FreeRTOS/Source/portable/MemMang/heap_4.o

.debug_line     0x0000000000000000     0xf3e5
 .debug_line    0x0000000000000000      0x88a ./Core/Src/main.o
 .debug_line    0x000000000000088a      0x692 ./Core/Src/stm32f1xx_hal_msp.o
 .debug_line    0x0000000000000f1c      0x70c ./Core/Src/stm32f1xx_hal_timebase_tim.o
 .debug_line    0x0000000000001628      0x767 ./Core/Src/stm32f1xx_it.o
 .debug_line    0x0000000000001d8f      0x710 ./Core/Src/system_stm32f1xx.o
 .debug_line    0x000000000000249f       0x87 ./Core/Startup/startup_stm32f103c8tx.o
 .debug_line    0x0000000000002526      0x93d ./Drivers/STM32F1xx_HAL_Driver/Src/stm32f1xx_hal.o
 .debug_line    0x0000000000002e63      0xb25 ./Drivers/STM32F1xx_HAL_Driver/Src/stm32f1xx_hal_cortex.o
 .debug_line    0x0000000000003988      0x9d4 ./Drivers/STM32F1xx_HAL_Driver/Src/stm32f1xx_hal_gpio.o
 .debug_line    0x000000000000435c      0xd4b ./Drivers/STM32F1xx_HAL_Driver/Src/stm32f1xx_hal_rcc.o
 .debug_line    0x00000000000050a7     0x32f3 ./Drivers/STM32F1xx_HAL_Driver/Src/stm32f1xx_hal_tim.o
 .debug_line    0x000000000000839a     0x1865 ./Drivers/STM32F1xx_HAL_Driver/Src/stm32f1xx_hal_tim_ex.o
 .debug_line    0x0000000000009bff      0x74e ./FreeRTOS/Source/list.o
 .debug_line    0x000000000000a34d     0x1507 ./FreeRTOS/Source/queue.o
 .debug_line    0x000000000000b854     0x1e23 ./FreeRTOS/Source/tasks.o
 .debug_line    0x000000000000d677      0xc76 ./FreeRTOS/Source/timers.o
 .debug_line    0x000000000000e2ed      0x758 ./FreeRTOS/Source/portable/GCC/ARM_CM3/port.o
 .debug_line    0x000000000000ea45      0x9a0 ./FreeRTOS/Source/portable/MemMang/heap_4.o

.debug_str      0x0000000000000000    0x9025c
 .debug_str     0x0000000000000000    0x867f0 ./Core/Src/main.o
                                      0x86c08 (size before relaxing)
 .debug_str     0x00000000000867f0       0x5a ./Core/Src/stm32f1xx_hal_msp.o
                                      0x81701 (size before relaxing)
 .debug_str     0x000000000008684a      0x39d ./Core/Src/stm32f1xx_hal_timebase_tim.o
                                      0x81fc6 (size before relaxing)
 .debug_str     0x0000000000086be7       0xe0 ./Core/Src/stm32f1xx_it.o
                                      0x81bfb (size before relaxing)
 .debug_str     0x0000000000086cc7       0x88 ./Core/Src/system_stm32f1xx.o
                                      0x816fe (size before relaxing)
 .debug_str     0x0000000000086d4f       0x36 ./Core/Startup/startup_stm32f103c8tx.o
                                         0x59 (size before relaxing)
 .debug_str     0x0000000000086d85      0x34a ./Drivers/STM32F1xx_HAL_Driver/Src/stm32f1xx_hal.o
                                      0x81e31 (size before relaxing)
 .debug_str     0x00000000000870cf      0x2a8 ./Drivers/STM32F1xx_HAL_Driver/Src/stm32f1xx_hal_cortex.o
                                      0x81d7d (size before relaxing)
 .debug_str     0x0000000000087377      0x2f6 ./Drivers/STM32F1xx_HAL_Driver/Src/stm32f1xx_hal_gpio.o
                                      0x81a84 (size before relaxing)
 .debug_str     0x000000000008766d      0x1f3 ./Drivers/STM32F1xx_HAL_Driver/Src/stm32f1xx_hal_rcc.o
                                      0x81b2d (size before relaxing)
 .debug_str     0x0000000000087860      0xe69 ./Drivers/STM32F1xx_HAL_Driver/Src/stm32f1xx_hal_tim.o
                                      0x82b18 (size before relaxing)
 .debug_str     0x00000000000886c9      0x503 ./Drivers/STM32F1xx_HAL_Driver/Src/stm32f1xx_hal_tim_ex.o
                                      0x82334 (size before relaxing)
 .debug_str     0x0000000000088bcc     0x2fce ./FreeRTOS/Source/list.o
                                       0xaa37 (size before relaxing)
 .debug_str     0x000000000008bb9a     0x168f ./FreeRTOS/Source/queue.o
                                       0xd38f (size before relaxing)
 .debug_str     0x000000000008d229     0x1c6f ./FreeRTOS/Source/tasks.o
                                       0xdd3e (size before relaxing)
 .debug_str     0x000000000008ee98      0x6df ./FreeRTOS/Source/timers.o
                                       0xd689 (size before relaxing)
 .debug_str     0x000000000008f577      0x6f5 ./FreeRTOS/Source/portable/GCC/ARM_CM3/port.o
                                       0x94b1 (size before relaxing)
 .debug_str     0x000000000008fc6c      0x5f0 ./FreeRTOS/Source/portable/MemMang/heap_4.o
                                       0xc26d (size before relaxing)

.comment        0x0000000000000000       0x50
 .comment       0x0000000000000000       0x50 ./Core/Src/main.o
                                         0x51 (size before relaxing)
 .comment       0x0000000000000050       0x51 ./Core/Src/stm32f1xx_hal_msp.o
 .comment       0x0000000000000050       0x51 ./Core/Src/stm32f1xx_hal_timebase_tim.o
 .comment       0x0000000000000050       0x51 ./Core/Src/stm32f1xx_it.o
 .comment       0x0000000000000050       0x51 ./Core/Src/system_stm32f1xx.o
 .comment       0x0000000000000050       0x51 ./Drivers/STM32F1xx_HAL_Driver/Src/stm32f1xx_hal.o
 .comment       0x0000000000000050       0x51 ./Drivers/STM32F1xx_HAL_Driver/Src/stm32f1xx_hal_cortex.o
 .comment       0x0000000000000050       0x51 ./Drivers/STM32F1xx_HAL_Driver/Src/stm32f1xx_hal_gpio.o
 .comment       0x0000000000000050       0x51 ./Drivers/STM32F1xx_HAL_Driver/Src/stm32f1xx_hal_rcc.o
 .comment       0x0000000000000050       0x51 ./Drivers/STM32F1xx_HAL_Driver/Src/stm32f1xx_hal_tim.o
 .comment       0x0000000000000050       0x51 ./Drivers/STM32F1xx_HAL_Driver/Src/stm32f1xx_hal_tim_ex.o
 .comment       0x0000000000000050       0x51 ./FreeRTOS/Source/list.o
 .comment       0x0000000000000050       0x51 ./FreeRTOS/Source/queue.o
 .comment       0x0000000000000050       0x51 ./FreeRTOS/Source/tasks.o
 .comment       0x0000000000000050       0x51 ./FreeRTOS/Source/timers.o
 .comment       0x0000000000000050       0x51 ./FreeRTOS/Source/portable/GCC/ARM_CM3/port.o
 .comment       0x0000000000000050       0x51 ./FreeRTOS/Source/portable/MemMang/heap_4.o

.debug_frame    0x0000000000000000     0x3d50
 .debug_frame   0x0000000000000000       0xdc ./Core/Src/main.o
 .debug_frame   0x00000000000000dc       0x38 ./Core/Src/stm32f1xx_hal_msp.o
 .debug_frame   0x0000000000000114       0x74 ./Core/Src/stm32f1xx_hal_timebase_tim.o
 .debug_frame   0x0000000000000188      0x124 ./Core/Src/stm32f1xx_it.o
 .debug_frame   0x00000000000002ac       0x58 ./Core/Src/system_stm32f1xx.o
 .debug_frame   0x0000000000000304      0x334 ./Drivers/STM32F1xx_HAL_Driver/Src/stm32f1xx_hal.o
 .debug_frame   0x0000000000000638      0x428 ./Drivers/STM32F1xx_HAL_Driver/Src/stm32f1xx_hal_cortex.o
 .debug_frame   0x0000000000000a60      0x14c ./Drivers/STM32F1xx_HAL_Driver/Src/stm32f1xx_hal_gpio.o
 .debug_frame   0x0000000000000bac      0x21c ./Drivers/STM32F1xx_HAL_Driver/Src/stm32f1xx_hal_rcc.o
 .debug_frame   0x0000000000000dc8     0x11b8 ./Drivers/STM32F1xx_HAL_Driver/Src/stm32f1xx_hal_tim.o
 .debug_frame   0x0000000000001f80      0x638 ./Drivers/STM32F1xx_HAL_Driver/Src/stm32f1xx_hal_tim_ex.o
 .debug_frame   0x00000000000025b8       0xd8 ./FreeRTOS/Source/list.o
 .debug_frame   0x0000000000002690      0x5cc ./FreeRTOS/Source/queue.o
 .debug_frame   0x0000000000002c5c      0x990 ./FreeRTOS/Source/tasks.o
 .debug_frame   0x00000000000035ec      0x424 ./FreeRTOS/Source/timers.o
 .debug_frame   0x0000000000003a10      0x17c ./FreeRTOS/Source/portable/GCC/ARM_CM3/port.o
 .debug_frame   0x0000000000003b8c      0x150 ./FreeRTOS/Source/portable/MemMang/heap_4.o
 .debug_frame   0x0000000000003cdc       0x2c d:/program_file/st/stm32cubeide_1.6.1/stm32cubeide/plugins/com.st.stm32cube.ide.mcu.externaltools.gnu-tools-for-stm32.10.3-2021.10.win32_1.0.200.202301161003/tools/bin/../lib/gcc/arm-none-eabi/10.3.1/../../../../arm-none-eabi/lib/thumb/v7-m/nofp\libc_nano.a(lib_a-init.o)
 .debug_frame   0x0000000000003d08       0x28 d:/program_file/st/stm32cubeide_1.6.1/stm32cubeide/plugins/com.st.stm32cube.ide.mcu.externaltools.gnu-tools-for-stm32.10.3-2021.10.win32_1.0.200.202301161003/tools/bin/../lib/gcc/arm-none-eabi/10.3.1/../../../../arm-none-eabi/lib/thumb/v7-m/nofp\libc_nano.a(lib_a-memcpy-stub.o)
 .debug_frame   0x0000000000003d30       0x20 d:/program_file/st/stm32cubeide_1.6.1/stm32cubeide/plugins/com.st.stm32cube.ide.mcu.externaltools.gnu-tools-for-stm32.10.3-2021.10.win32_1.0.200.202301161003/tools/bin/../lib/gcc/arm-none-eabi/10.3.1/../../../../arm-none-eabi/lib/thumb/v7-m/nofp\libc_nano.a(lib_a-memset.o)
