../Core/Src/main.c:157:6:HAL_UART_RxCpltCallback	16	static
../Core/Src/main.c:178:5:main	24	static
../Core/Src/main.c:293:6:SystemClock_Config	72	static
../Core/Src/main.c:333:13:MX_I2C1_Init	8	static
../Core/Src/main.c:367:13:MX_TIM2_Init	32	static
../Core/Src/main.c:412:13:MX_TIM3_Init	64	static
../Core/Src/main.c:471:13:MX_USART2_UART_Init	8	static
../Core/Src/main.c:504:13:MX_GPIO_Init	40	static
../Core/Src/main.c:542:5:__io_putchar	24	static
../Core/Src/main.c:554:6:TX_uart	76	static
../Core/Src/main.c:567:6:speed_control	24	static
../Core/Src/main.c:623:6:StartDefaultTask	24	static
../Core/Src/main.c:645:6:StartTaskReadDHT	24	static
../Core/Src/main.c:670:6:StartTaskTxUart	48	static
../Core/Src/main.c:707:6:StartTaskHandleUart	24	static
../Core/Src/main.c:741:6:StartTaskMotorControl	24	static
../Core/Src/main.c:785:6:HAL_TIM_PeriodElapsedCallback	16	static
../Core/Src/main.c:802:6:Error_Handler	4	static,ignoring_inline_asm
