16:47:40 **** Incremental Build of configuration Debug for project FreeRTOS_BL ****
make -j8 all 
arm-none-eabi-gcc "../Core/Src/main.c" -mcpu=cortex-m3 -std=gnu11 -g3 -DDEBUG -DUSE_HAL_DRIVER -DSTM32F103xB -c -I../Core/Inc -I../Drivers/STM32F1xx_HAL_Driver/Inc/Legacy -I../Drivers/STM32F1xx_HAL_Driver/Inc -I../Drivers/CMSIS/Device/ST/STM32F1xx/Include -I../Drivers/CMSIS/Include -I../Middlewares/Third_Party/FreeRTOS/Source/include -I../Middlewares/Third_Party/FreeRTOS/Source/CMSIS_RTOS_V2 -I../Middlewares/Third_Party/FreeRTOS/Source/portable/GCC/ARM_CM3 -I"D:/STM32/CubeIDE/FreeRTOS_BL/Project_Lib/Inc" -O0 -ffunction-sections -fdata-sections -Wall -fstack-usage -fcyclomatic-complexity -MMD -MP -MF"Core/Src/main.d" -MT"Core/Src/main.o" --specs=nano.specs -mfloat-abi=soft -mthumb -o "Core/Src/main.o"
In file included from D:/STM32/CubeIDE/FreeRTOS_BL/Project_Lib/Inc/uart_handle.h:9,
                 from ../Core/Src/main.c:32:
D:/STM32/CubeIDE/FreeRTOS_BL/Project_Lib/Inc/handle.h:35: warning: "DEBUG" redefined
   35 | #define DEBUG
      | 
<command-line>: note: this is the location of the previous definition
../Core/Src/main.c: In function 'StartTaskReadDHT':
../Core/Src/main.c:656:45: warning: passing argument 3 of 'osMessageQueuePut' makes integer from pointer without a cast [-Wint-conversion]
  656 |   osMessageQueuePut(motorQueueHandle, &msg, NULL, 0);
      |                                             ^~~~
      |                                             |
      |                                             void *
In file included from ../Middlewares/Third_Party/FreeRTOS/Source/CMSIS_RTOS_V2/cmsis_os.h:146,
                 from ../Core/Src/main.c:21:
../Middlewares/Third_Party/FreeRTOS/Source/CMSIS_RTOS_V2/cmsis_os2.h:689:86: note: expected 'uint8_t' {aka 'unsigned char'} but argument is of type 'void *'
  689 | osStatus_t osMessageQueuePut (osMessageQueueId_t mq_id, const void *msg_ptr, uint8_t msg_prio, uint32_t timeout);
      |                                                                              ~~~~~~~~^~~~~~~~
../Core/Src/main.c:648:12: warning: variable 'ret' set but not used [-Wunused-but-set-variable]
  648 |  dht_err_t ret = DHT_OK;
      |            ^~~
../Core/Src/main.c: In function 'StartTaskHandleUart':
../Core/Src/main.c:717:21: warning: passing argument 2 of 'TX_uart' discards 'volatile' qualifier from pointer target type [-Wdiscarded-qualifiers]
  717 |    TX_uart(&huart2, Rx_data);
      |                     ^~~~~~~
../Core/Src/main.c:554:52: note: expected 'const char *' but argument is of type 'volatile char *'
  554 | void TX_uart(UART_HandleTypeDef *huart,const char* str, ...)
      |                                        ~~~~~~~~~~~~^~~
../Core/Src/main.c:724:47: warning: passing argument 3 of 'osMessageQueuePut' makes integer from pointer without a cast [-Wint-conversion]
  724 |     osMessageQueuePut(motorQueueHandle, &msg, NULL, 0);
      |                                               ^~~~
      |                                               |
      |                                               void *
In file included from ../Middlewares/Third_Party/FreeRTOS/Source/CMSIS_RTOS_V2/cmsis_os.h:146,
                 from ../Core/Src/main.c:21:
../Middlewares/Third_Party/FreeRTOS/Source/CMSIS_RTOS_V2/cmsis_os2.h:689:86: note: expected 'uint8_t' {aka 'unsigned char'} but argument is of type 'void *'
  689 | osStatus_t osMessageQueuePut (osMessageQueueId_t mq_id, const void *msg_ptr, uint8_t msg_prio, uint32_t timeout);
      |                                                                              ~~~~~~~~^~~~~~~~
arm-none-eabi-gcc -o "FreeRTOS_BL.elf" @"objects.list"   -mcpu=cortex-m3 -T"D:\STM32\CubeIDE\FreeRTOS_BL\STM32F103C8TX_FLASH.ld" --specs=nosys.specs -Wl,-Map="FreeRTOS_BL.map" -Wl,--gc-sections -static --specs=nano.specs -mfloat-abi=soft -mthumb -u _printf_float -u _scanf_float -Wl,--start-group -lc -lm -Wl,--end-group
Finished building target: FreeRTOS_BL.elf
 
arm-none-eabi-size   FreeRTOS_BL.elf 
arm-none-eabi-objdump -h -S  FreeRTOS_BL.elf  > "FreeRTOS_BL.list"
   text	   data	    bss	    dec	    hex	filename
  59964	    528	  14120	  74612	  12374	FreeRTOS_BL.elf
Finished building: default.size.stdout
 
Finished building: FreeRTOS_BL.list
 
16:47:45 **** Incremental Build of configuration Debug for project FreeRTOS_BL ****
make -j8 all 
arm-none-eabi-size   FreeRTOS_BL.elf 
   text	   data	    bss	    dec	    hex	filename
  59964	    528	  14120	  74612	  12374	FreeRTOS_BL.elf
Finished building: default.size.stdout
 
